Archive member included to satisfy reference by file (symbol)

c:/stm/stm32cubeide_1.4.0/stm32cubeide/plugins/com.st.stm32cube.ide.mcu.externaltools.gnu-tools-for-stm32.7-2018-q2-update.win32_1.5.0.202011040924/tools/bin/../lib/gcc/arm-none-eabi/7.3.1/../../../../arm-none-eabi/lib/thumb/v7-m\libc_nano.a(lib_a-errno.o)
                              Core/Src/syscalls.o (__errno)
c:/stm/stm32cubeide_1.4.0/stm32cubeide/plugins/com.st.stm32cube.ide.mcu.externaltools.gnu-tools-for-stm32.7-2018-q2-update.win32_1.5.0.202011040924/tools/bin/../lib/gcc/arm-none-eabi/7.3.1/../../../../arm-none-eabi/lib/thumb/v7-m\libc_nano.a(lib_a-exit.o)
                              c:/stm/stm32cubeide_1.4.0/stm32cubeide/plugins/com.st.stm32cube.ide.mcu.externaltools.gnu-tools-for-stm32.7-2018-q2-update.win32_1.5.0.202011040924/tools/bin/../lib/gcc/arm-none-eabi/7.3.1/../../../../arm-none-eabi/lib/thumb/v7-m/crt0.o (exit)
c:/stm/stm32cubeide_1.4.0/stm32cubeide/plugins/com.st.stm32cube.ide.mcu.externaltools.gnu-tools-for-stm32.7-2018-q2-update.win32_1.5.0.202011040924/tools/bin/../lib/gcc/arm-none-eabi/7.3.1/../../../../arm-none-eabi/lib/thumb/v7-m\libc_nano.a(lib_a-impure.o)
                              c:/stm/stm32cubeide_1.4.0/stm32cubeide/plugins/com.st.stm32cube.ide.mcu.externaltools.gnu-tools-for-stm32.7-2018-q2-update.win32_1.5.0.202011040924/tools/bin/../lib/gcc/arm-none-eabi/7.3.1/../../../../arm-none-eabi/lib/thumb/v7-m\libc_nano.a(lib_a-exit.o) (_global_impure_ptr)
c:/stm/stm32cubeide_1.4.0/stm32cubeide/plugins/com.st.stm32cube.ide.mcu.externaltools.gnu-tools-for-stm32.7-2018-q2-update.win32_1.5.0.202011040924/tools/bin/../lib/gcc/arm-none-eabi/7.3.1/../../../../arm-none-eabi/lib/thumb/v7-m\libc_nano.a(lib_a-init.o)
                              c:/stm/stm32cubeide_1.4.0/stm32cubeide/plugins/com.st.stm32cube.ide.mcu.externaltools.gnu-tools-for-stm32.7-2018-q2-update.win32_1.5.0.202011040924/tools/bin/../lib/gcc/arm-none-eabi/7.3.1/../../../../arm-none-eabi/lib/thumb/v7-m/crt0.o (__libc_init_array)
c:/stm/stm32cubeide_1.4.0/stm32cubeide/plugins/com.st.stm32cube.ide.mcu.externaltools.gnu-tools-for-stm32.7-2018-q2-update.win32_1.5.0.202011040924/tools/bin/../lib/gcc/arm-none-eabi/7.3.1/../../../../arm-none-eabi/lib/thumb/v7-m\libc_nano.a(lib_a-memset.o)
                              c:/stm/stm32cubeide_1.4.0/stm32cubeide/plugins/com.st.stm32cube.ide.mcu.externaltools.gnu-tools-for-stm32.7-2018-q2-update.win32_1.5.0.202011040924/tools/bin/../lib/gcc/arm-none-eabi/7.3.1/../../../../arm-none-eabi/lib/thumb/v7-m/crt0.o (memset)

Allocating common symbols
Common symbol       size              file

Minutos             0x1               Core/Src/main.o
Bt_AjMin            0x1               Core/Src/main.o
testeok             0x4               Core/Src/main.o
NovaHora            0x1               Core/Src/main.o
clkTime             0x3               Core/Src/main.o
uwTick              0x4               Drivers/STM32F1xx_HAL_Driver/Src/stm32f1xx_hal.o
sAlarm              0x8               Core/Src/main.o
pFlash              0x20              Drivers/STM32F1xx_HAL_Driver/Src/stm32f1xx_hal_flash.o
AjMin               0x4               Core/Src/main.o
buffer              0x7               Core/Src/main.o
Segundos            0x1               Core/Src/main.o
hrtc                0x14              Core/Src/main.o
AlMin               0x1               Core/Src/main.o
cont                0x4               Core/Src/main.o
NovoSeg             0x1               Core/Src/main.o
Bt_AjHora           0x1               Core/Src/main.o
htim2               0x48              Core/Src/main.o
AlHora              0x1               Core/Src/main.o
AjHora              0x4               Core/Src/main.o
BotAl               0x4               Core/Src/main.o
NovaMin             0x1               Core/Src/main.o
AlSeg               0x1               Core/Src/main.o
Horas               0x1               Core/Src/main.o
BotHora             0x4               Core/Src/main.o
BotEsc              0x1               Core/Src/main.o

Discarded input sections

 .text          0x0000000000000000        0x0 c:/stm/stm32cubeide_1.4.0/stm32cubeide/plugins/com.st.stm32cube.ide.mcu.externaltools.gnu-tools-for-stm32.7-2018-q2-update.win32_1.5.0.202011040924/tools/bin/../lib/gcc/arm-none-eabi/7.3.1/thumb/v7-m/crti.o
 .data          0x0000000000000000        0x0 c:/stm/stm32cubeide_1.4.0/stm32cubeide/plugins/com.st.stm32cube.ide.mcu.externaltools.gnu-tools-for-stm32.7-2018-q2-update.win32_1.5.0.202011040924/tools/bin/../lib/gcc/arm-none-eabi/7.3.1/thumb/v7-m/crti.o
 .bss           0x0000000000000000        0x0 c:/stm/stm32cubeide_1.4.0/stm32cubeide/plugins/com.st.stm32cube.ide.mcu.externaltools.gnu-tools-for-stm32.7-2018-q2-update.win32_1.5.0.202011040924/tools/bin/../lib/gcc/arm-none-eabi/7.3.1/thumb/v7-m/crti.o
[...]
Memory Configuration

Name             Origin             Length             Attributes
RAM              0x0000000020000000 0x0000000000005000 xrw
FLASH            0x0000000008000000 0x0000000000010000 xr
*default*        0x0000000000000000 0xffffffffffffffff

Linker script and memory map

LOAD c:/stm/stm32cubeide_1.4.0/stm32cubeide/plugins/com.st.stm32cube.ide.mcu.externaltools.gnu-tools-for-stm32.7-2018-q2-update.win32_1.5.0.202011040924/tools/bin/../lib/gcc/arm-none-eabi/7.3.1/thumb/v7-m/crti.o
LOAD c:/stm/stm32cubeide_1.4.0/stm32cubeide/plugins/com.st.stm32cube.ide.mcu.externaltools.gnu-tools-for-stm32.7-2018-q2-update.win32_1.5.0.202011040924/tools/bin/../lib/gcc/arm-none-eabi/7.3.1/thumb/v7-m/crtbegin.o
LOAD c:/stm/stm32cubeide_1.4.0/stm32cubeide/plugins/com.st.stm32cube.ide.mcu.externaltools.gnu-tools-for-stm32.7-2018-q2-update.win32_1.5.0.202011040924/tools/bin/../lib/gcc/arm-none-eabi/7.3.1/../../../../arm-none-eabi/lib/thumb/v7-m/crt0.o
LOAD Core/Src/main.o
LOAD Core/Src/stm32f1xx_hal_msp.o
LOAD Core/Src/stm32f1xx_it.o
LOAD Core/Src/syscalls.o
LOAD Core/Src/sysmem.o
LOAD Core/Src/system_stm32f1xx.o
LOAD Core/Startup/startup_stm32f103c8tx.o
LOAD Drivers/STM32F1xx_HAL_Driver/Src/stm32f1xx_hal.o
LOAD Drivers/STM32F1xx_HAL_Driver/Src/stm32f1xx_hal_cortex.o
LOAD Drivers/STM32F1xx_HAL_Driver/Src/stm32f1xx_hal_dma.o
LOAD Drivers/STM32F1xx_HAL_Driver/Src/stm32f1xx_hal_exti.o
LOAD Drivers/STM32F1xx_HAL_Driver/Src/stm32f1xx_hal_flash.o
LOAD Drivers/STM32F1xx_HAL_Driver/Src/stm32f1xx_hal_flash_ex.o
LOAD Drivers/STM32F1xx_HAL_Driver/Src/stm32f1xx_hal_gpio.o
LOAD Drivers/STM32F1xx_HAL_Driver/Src/stm32f1xx_hal_gpio_ex.o
LOAD Drivers/STM32F1xx_HAL_Driver/Src/stm32f1xx_hal_pwr.o
LOAD Drivers/STM32F1xx_HAL_Driver/Src/stm32f1xx_hal_rcc.o
LOAD Drivers/STM32F1xx_HAL_Driver/Src/stm32f1xx_hal_rcc_ex.o
LOAD Drivers/STM32F1xx_HAL_Driver/Src/stm32f1xx_hal_rtc.o
LOAD Drivers/STM32F1xx_HAL_Driver/Src/stm32f1xx_hal_rtc_ex.o
LOAD Drivers/STM32F1xx_HAL_Driver/Src/stm32f1xx_hal_tim.o
LOAD Drivers/STM32F1xx_HAL_Driver/Src/stm32f1xx_hal_tim_ex.o
START GROUP
LOAD c:/stm/stm32cubeide_1.4.0/stm32cubeide/plugins/com.st.stm32cube.ide.mcu.externaltools.gnu-tools-for-stm32.7-2018-q2-update.win32_1.5.0.202011040924/tools/bin/../lib/gcc/arm-none-eabi/7.3.1/../../../../arm-none-eabi/lib/thumb/v7-m\libc_nano.a
LOAD c:/stm/stm32cubeide_1.4.0/stm32cubeide/plugins/com.st.stm32cube.ide.mcu.externaltools.gnu-tools-for-stm32.7-2018-q2-update.win32_1.5.0.202011040924/tools/bin/../lib/gcc/arm-none-eabi/7.3.1/../../../../arm-none-eabi/lib/thumb/v7-m\libm.a
END GROUP
START GROUP
LOAD c:/stm/stm32cubeide_1.4.0/stm32cubeide/plugins/com.st.stm32cube.ide.mcu.externaltools.gnu-tools-for-stm32.7-2018-q2-update.win32_1.5.0.202011040924/tools/bin/../lib/gcc/arm-none-eabi/7.3.1/thumb/v7-m\libgcc.a
LOAD c:/stm/stm32cubeide_1.4.0/stm32cubeide/plugins/com.st.stm32cube.ide.mcu.externaltools.gnu-tools-for-stm32.7-2018-q2-update.win32_1.5.0.202011040924/tools/bin/../lib/gcc/arm-none-eabi/7.3.1/../../../../arm-none-eabi/lib/thumb/v7-m\libc_nano.a
END GROUP
START GROUP
LOAD c:/stm/stm32cubeide_1.4.0/stm32cubeide/plugins/com.st.stm32cube.ide.mcu.externaltools.gnu-tools-for-stm32.7-2018-q2-update.win32_1.5.0.202011040924/tools/bin/../lib/gcc/arm-none-eabi/7.3.1/thumb/v7-m\libgcc.a
LOAD c:/stm/stm32cubeide_1.4.0/stm32cubeide/plugins/com.st.stm32cube.ide.mcu.externaltools.gnu-tools-for-stm32.7-2018-q2-update.win32_1.5.0.202011040924/tools/bin/../lib/gcc/arm-none-eabi/7.3.1/../../../../arm-none-eabi/lib/thumb/v7-m\libc_nano.a
LOAD c:/stm/stm32cubeide_1.4.0/stm32cubeide/plugins/com.st.stm32cube.ide.mcu.externaltools.gnu-tools-for-stm32.7-2018-q2-update.win32_1.5.0.202011040924/tools/bin/../lib/gcc/arm-none-eabi/7.3.1/../../../../arm-none-eabi/lib/thumb/v7-m\libnosys.a
END GROUP
START GROUP
LOAD c:/stm/stm32cubeide_1.4.0/stm32cubeide/plugins/com.st.stm32cube.ide.mcu.externaltools.gnu-tools-for-stm32.7-2018-q2-update.win32_1.5.0.202011040924/tools/bin/../lib/gcc/arm-none-eabi/7.3.1/thumb/v7-m\libgcc.a
LOAD c:/stm/stm32cubeide_1.4.0/stm32cubeide/plugins/com.st.stm32cube.ide.mcu.externaltools.gnu-tools-for-stm32.7-2018-q2-update.win32_1.5.0.202011040924/tools/bin/../lib/gcc/arm-none-eabi/7.3.1/../../../../arm-none-eabi/lib/thumb/v7-m\libc_nano.a
LOAD c:/stm/stm32cubeide_1.4.0/stm32cubeide/plugins/com.st.stm32cube.ide.mcu.externaltools.gnu-tools-for-stm32.7-2018-q2-update.win32_1.5.0.202011040924/tools/bin/../lib/gcc/arm-none-eabi/7.3.1/../../../../arm-none-eabi/lib/thumb/v7-m\libnosys.a
END GROUP
LOAD c:/stm/stm32cubeide_1.4.0/stm32cubeide/plugins/com.st.stm32cube.ide.mcu.externaltools.gnu-tools-for-stm32.7-2018-q2-update.win32_1.5.0.202011040924/tools/bin/../lib/gcc/arm-none-eabi/7.3.1/thumb/v7-m/crtend.o
LOAD c:/stm/stm32cubeide_1.4.0/stm32cubeide/plugins/com.st.stm32cube.ide.mcu.externaltools.gnu-tools-for-stm32.7-2018-q2-update.win32_1.5.0.202011040924/tools/bin/../lib/gcc/arm-none-eabi/7.3.1/thumb/v7-m/crtn.o
                0x0000000020005000                _estack = (ORIGIN (RAM) + LENGTH (RAM))
                0x0000000000000200                _Min_Heap_Size = 0x200
                0x0000000000000400                _Min_Stack_Size = 0x400

.isr_vector     0x0000000008000000      0x10c
                0x0000000008000000                . = ALIGN (0x4)
 *(.isr_vector)
 .isr_vector    0x0000000008000000      0x10c Core/Startup/startup_stm32f103c8tx.o
                0x0000000008000000                g_pfnVectors
                0x000000000800010c                . = ALIGN (0x4)

.text           0x000000000800010c     0x33ec
                0x000000000800010c                . = ALIGN (0x4)
 *(.text)
 .text          0x000000000800010c       0x40 c:/stm/stm32cubeide_1.4.0/stm32cubeide/plugins/com.st.stm32cube.ide.mcu.externaltools.gnu-tools-for-stm32.7-2018-q2-update.win32_1.5.0.202011040924/tools/bin/../lib/gcc/arm-none-eabi/7.3.1/thumb/v7-m/crtbegin.o
 *(.text*)
 .text.PrintRelogio
                0x000000000800014c      0x124 Core/Src/main.o
                0x000000000800014c                PrintRelogio
 .text.MenuHora
                0x0000000008000270      0x1b8 Core/Src/main.o
                0x0000000008000270                MenuHora
 .text.MenuAlarme
                0x0000000008000428      0x1b4 Core/Src/main.o
                0x0000000008000428                MenuAlarme
 .text.HAL_RTC_AlarmAEventCallback
                0x00000000080005dc       0x1c Core/Src/main.o
                0x00000000080005dc                HAL_RTC_AlarmAEventCallback
 .text.Alarm_On
                0x00000000080005f8       0x1c Core/Src/main.o
                0x00000000080005f8                Alarm_On
 .text.DesAlarm
                0x0000000008000614       0x24 Core/Src/main.o
                0x0000000008000614                DesAlarm
 .text.main     0x0000000008000638      0x114 Core/Src/main.o
                0x0000000008000638                main
 .text.SystemClock_Config
                0x000000000800074c       0xba Core/Src/main.o
                0x000000000800074c                SystemClock_Config
 *fill*         0x0000000008000806        0x2 
 .text.MX_RTC_Init
                0x0000000008000808       0x38 Core/Src/main.o
 .text.MX_TIM2_Init
                0x0000000008000840       0x98 Core/Src/main.o
 .text.MX_GPIO_Init
                0x00000000080008d8       0xf8 Core/Src/main.o
 .text.Error_Handler
                0x00000000080009d0        0xc Core/Src/main.o
                0x00000000080009d0                Error_Handler
 .text.HAL_MspInit
                0x00000000080009dc       0x64 Core/Src/stm32f1xx_hal_msp.o
                0x00000000080009dc                HAL_MspInit
 .text.HAL_RTC_MspInit
                0x0000000008000a40       0x68 Core/Src/stm32f1xx_hal_msp.o
                0x0000000008000a40                HAL_RTC_MspInit
 .text.HAL_TIM_Base_MspInit
                0x0000000008000aa8       0x48 Core/Src/stm32f1xx_hal_msp.o
                0x0000000008000aa8                HAL_TIM_Base_MspInit
 .text.NMI_Handler
                0x0000000008000af0        0xc Core/Src/stm32f1xx_it.o
                0x0000000008000af0                NMI_Handler
 .text.HardFault_Handler
                0x0000000008000afc        0x6 Core/Src/stm32f1xx_it.o
                0x0000000008000afc                HardFault_Handler
 .text.MemManage_Handler
                0x0000000008000b02        0x6 Core/Src/stm32f1xx_it.o
                0x0000000008000b02                MemManage_Handler
 .text.BusFault_Handler
                0x0000000008000b08        0x6 Core/Src/stm32f1xx_it.o
                0x0000000008000b08                BusFault_Handler
 .text.UsageFault_Handler
                0x0000000008000b0e        0x6 Core/Src/stm32f1xx_it.o
                0x0000000008000b0e                UsageFault_Handler
 .text.SVC_Handler
                0x0000000008000b14        0xc Core/Src/stm32f1xx_it.o
                0x0000000008000b14                SVC_Handler
 .text.DebugMon_Handler
                0x0000000008000b20        0xc Core/Src/stm32f1xx_it.o
                0x0000000008000b20                DebugMon_Handler
 .text.PendSV_Handler
                0x0000000008000b2c        0xc Core/Src/stm32f1xx_it.o
                0x0000000008000b2c                PendSV_Handler
 .text.SysTick_Handler
                0x0000000008000b38        0xc Core/Src/stm32f1xx_it.o
                0x0000000008000b38                SysTick_Handler
 .text.RTC_IRQHandler
                0x0000000008000b44       0x14 Core/Src/stm32f1xx_it.o
                0x0000000008000b44                RTC_IRQHandler
 .text.TIM2_IRQHandler
                0x0000000008000b58      0x324 Core/Src/stm32f1xx_it.o
                0x0000000008000b58                TIM2_IRQHandler
 .text.RTC_Alarm_IRQHandler
                0x0000000008000e7c       0x14 Core/Src/stm32f1xx_it.o
                0x0000000008000e7c                RTC_Alarm_IRQHandler
 .text.SystemInit
                0x0000000008000e90       0x68 Core/Src/system_stm32f1xx.o
                0x0000000008000e90                SystemInit
 .text.Reset_Handler
                0x0000000008000ef8       0x48 Core/Startup/startup_stm32f103c8tx.o
                0x0000000008000ef8                Reset_Handler
 .text.Default_Handler
                0x0000000008000f40        0x2 Core/Startup/startup_stm32f103c8tx.o
                0x0000000008000f40                EXTI2_IRQHandler
                0x0000000008000f40                TIM1_CC_IRQHandler
                0x0000000008000f40                PVD_IRQHandler
                0x0000000008000f40                EXTI3_IRQHandler
                0x0000000008000f40                EXTI0_IRQHandler
                0x0000000008000f40                I2C2_EV_IRQHandler
                0x0000000008000f40                ADC1_2_IRQHandler
                0x0000000008000f40                SPI1_IRQHandler
                0x0000000008000f40                TAMPER_IRQHandler
                0x0000000008000f40                DMA1_Channel4_IRQHandler
                0x0000000008000f40                USART3_IRQHandler
                0x0000000008000f40                DMA1_Channel7_IRQHandler
                0x0000000008000f40                CAN1_RX1_IRQHandler
                0x0000000008000f40                TIM4_IRQHandler
                0x0000000008000f40                I2C1_EV_IRQHandler
                0x0000000008000f40                DMA1_Channel6_IRQHandler
                0x0000000008000f40                TIM3_IRQHandler
                0x0000000008000f40                RCC_IRQHandler
                0x0000000008000f40                TIM1_TRG_COM_IRQHandler
                0x0000000008000f40                DMA1_Channel1_IRQHandler
                0x0000000008000f40                Default_Handler
                0x0000000008000f40                EXTI15_10_IRQHandler
                0x0000000008000f40                EXTI9_5_IRQHandler
                0x0000000008000f40                SPI2_IRQHandler
                0x0000000008000f40                DMA1_Channel5_IRQHandler
                0x0000000008000f40                EXTI4_IRQHandler
                0x0000000008000f40                USB_LP_CAN1_RX0_IRQHandler
                0x0000000008000f40                USB_HP_CAN1_TX_IRQHandler
                0x0000000008000f40                DMA1_Channel3_IRQHandler
                0x0000000008000f40                TIM1_UP_IRQHandler
                0x0000000008000f40                WWDG_IRQHandler
                0x0000000008000f40                TIM1_BRK_IRQHandler
                0x0000000008000f40                EXTI1_IRQHandler
                0x0000000008000f40                USART2_IRQHandler
                0x0000000008000f40                I2C2_ER_IRQHandler
                0x0000000008000f40                DMA1_Channel2_IRQHandler
                0x0000000008000f40                CAN1_SCE_IRQHandler
                0x0000000008000f40                FLASH_IRQHandler
                0x0000000008000f40                USART1_IRQHandler
                0x0000000008000f40                I2C1_ER_IRQHandler
                0x0000000008000f40                USBWakeUp_IRQHandler
 *fill*         0x0000000008000f42        0x2 
 .text.HAL_Init
                0x0000000008000f44       0x2c Drivers/STM32F1xx_HAL_Driver/Src/stm32f1xx_hal.o
                0x0000000008000f44                HAL_Init
 .text.HAL_InitTick
                0x0000000008000f70       0x60 Drivers/STM32F1xx_HAL_Driver/Src/stm32f1xx_hal.o
                0x0000000008000f70                HAL_InitTick
 .text.HAL_IncTick
                0x0000000008000fd0       0x24 Drivers/STM32F1xx_HAL_Driver/Src/stm32f1xx_hal.o
                0x0000000008000fd0                HAL_IncTick
 .text.HAL_GetTick
                0x0000000008000ff4       0x14 Drivers/STM32F1xx_HAL_Driver/Src/stm32f1xx_hal.o
                0x0000000008000ff4                HAL_GetTick
 .text.HAL_Delay
                0x0000000008001008       0x44 Drivers/STM32F1xx_HAL_Driver/Src/stm32f1xx_hal.o
                0x0000000008001008                HAL_Delay
 .text.__NVIC_SetPriorityGrouping
                0x000000000800104c       0x48 Drivers/STM32F1xx_HAL_Driver/Src/stm32f1xx_hal_cortex.o
 .text.__NVIC_GetPriorityGrouping
                0x0000000008001094       0x1c Drivers/STM32F1xx_HAL_Driver/Src/stm32f1xx_hal_cortex.o
 .text.__NVIC_EnableIRQ
                0x00000000080010b0       0x38 Drivers/STM32F1xx_HAL_Driver/Src/stm32f1xx_hal_cortex.o
 .text.__NVIC_SetPriority
                0x00000000080010e8       0x54 Drivers/STM32F1xx_HAL_Driver/Src/stm32f1xx_hal_cortex.o
 .text.NVIC_EncodePriority
                0x000000000800113c       0x64 Drivers/STM32F1xx_HAL_Driver/Src/stm32f1xx_hal_cortex.o
 .text.SysTick_Config
                0x00000000080011a0       0x44 Drivers/STM32F1xx_HAL_Driver/Src/stm32f1xx_hal_cortex.o
 .text.HAL_NVIC_SetPriorityGrouping
                0x00000000080011e4       0x16 Drivers/STM32F1xx_HAL_Driver/Src/stm32f1xx_hal_cortex.o
                0x00000000080011e4                HAL_NVIC_SetPriorityGrouping
 .text.HAL_NVIC_SetPriority
                0x00000000080011fa       0x38 Drivers/STM32F1xx_HAL_Driver/Src/stm32f1xx_hal_cortex.o
                0x00000000080011fa                HAL_NVIC_SetPriority
 .text.HAL_NVIC_EnableIRQ
                0x0000000008001232       0x1c Drivers/STM32F1xx_HAL_Driver/Src/stm32f1xx_hal_cortex.o
                0x0000000008001232                HAL_NVIC_EnableIRQ
 .text.HAL_SYSTICK_Config
                0x000000000800124e       0x18 Drivers/STM32F1xx_HAL_Driver/Src/stm32f1xx_hal_cortex.o
                0x000000000800124e                HAL_SYSTICK_Config
 *fill*         0x0000000008001266        0x2 
 .text.HAL_GPIO_Init
                0x0000000008001268      0x2b4 Drivers/STM32F1xx_HAL_Driver/Src/stm32f1xx_hal_gpio.o
                0x0000000008001268                HAL_GPIO_Init
 .text.HAL_GPIO_ReadPin
                0x000000000800151c       0x2e Drivers/STM32F1xx_HAL_Driver/Src/stm32f1xx_hal_gpio.o
                0x000000000800151c                HAL_GPIO_ReadPin
 .text.HAL_GPIO_WritePin
                0x000000000800154a       0x30 Drivers/STM32F1xx_HAL_Driver/Src/stm32f1xx_hal_gpio.o
                0x000000000800154a                HAL_GPIO_WritePin
 .text.HAL_GPIO_TogglePin
                0x000000000800157a       0x32 Drivers/STM32F1xx_HAL_Driver/Src/stm32f1xx_hal_gpio.o
                0x000000000800157a                HAL_GPIO_TogglePin
 .text.HAL_PWR_EnableBkUpAccess
                0x00000000080015ac       0x18 Drivers/STM32F1xx_HAL_Driver/Src/stm32f1xx_hal_pwr.o
                0x00000000080015ac                HAL_PWR_EnableBkUpAccess
 .text.HAL_RCC_OscConfig
                0x00000000080015c4      0x500 Drivers/STM32F1xx_HAL_Driver/Src/stm32f1xx_hal_rcc.o
                0x00000000080015c4                HAL_RCC_OscConfig
 .text.HAL_RCC_ClockConfig
                0x0000000008001ac4      0x1d4 Drivers/STM32F1xx_HAL_Driver/Src/stm32f1xx_hal_rcc.o
                0x0000000008001ac4                HAL_RCC_ClockConfig
 .text.HAL_RCC_GetSysClockFreq
                0x0000000008001c98       0xc4 Drivers/STM32F1xx_HAL_Driver/Src/stm32f1xx_hal_rcc.o
                0x0000000008001c98                HAL_RCC_GetSysClockFreq
 .text.HAL_RCC_GetHCLKFreq
                0x0000000008001d5c       0x14 Drivers/STM32F1xx_HAL_Driver/Src/stm32f1xx_hal_rcc.o
                0x0000000008001d5c                HAL_RCC_GetHCLKFreq
 .text.HAL_RCC_GetPCLK2Freq
                0x0000000008001d70       0x28 Drivers/STM32F1xx_HAL_Driver/Src/stm32f1xx_hal_rcc.o
                0x0000000008001d70                HAL_RCC_GetPCLK2Freq
 .text.RCC_Delay
                0x0000000008001d98       0x3c Drivers/STM32F1xx_HAL_Driver/Src/stm32f1xx_hal_rcc.o
 .text.HAL_RCCEx_PeriphCLKConfig
                0x0000000008001dd4      0x16c Drivers/STM32F1xx_HAL_Driver/Src/stm32f1xx_hal_rcc_ex.o
                0x0000000008001dd4                HAL_RCCEx_PeriphCLKConfig
 .text.HAL_RCCEx_GetPeriphCLKFreq
                0x0000000008001f40      0x178 Drivers/STM32F1xx_HAL_Driver/Src/stm32f1xx_hal_rcc_ex.o
                0x0000000008001f40                HAL_RCCEx_GetPeriphCLKFreq
 .text.HAL_RTC_Init
                0x00000000080020b8      0x12c Drivers/STM32F1xx_HAL_Driver/Src/stm32f1xx_hal_rtc.o
                0x00000000080020b8                HAL_RTC_Init
 .text.HAL_RTC_SetTime
                0x00000000080021e4      0x12e Drivers/STM32F1xx_HAL_Driver/Src/stm32f1xx_hal_rtc.o
                0x00000000080021e4                HAL_RTC_SetTime
 *fill*         0x0000000008002312        0x2 
 .text.HAL_RTC_GetTime
                0x0000000008002314      0x1b0 Drivers/STM32F1xx_HAL_Driver/Src/stm32f1xx_hal_rtc.o
                0x0000000008002314                HAL_RTC_GetTime
 .text.HAL_RTC_SetAlarm_IT
                0x00000000080024c4      0x168 Drivers/STM32F1xx_HAL_Driver/Src/stm32f1xx_hal_rtc.o
                0x00000000080024c4                HAL_RTC_SetAlarm_IT
 .text.HAL_RTC_AlarmIRQHandler
                0x000000000800262c       0x50 Drivers/STM32F1xx_HAL_Driver/Src/stm32f1xx_hal_rtc.o
                0x000000000800262c                HAL_RTC_AlarmIRQHandler
 .text.HAL_RTC_WaitForSynchro
                0x000000000800267c       0x5a Drivers/STM32F1xx_HAL_Driver/Src/stm32f1xx_hal_rtc.o
                0x000000000800267c                HAL_RTC_WaitForSynchro
 .text.RTC_ReadTimeCounter
                0x00000000080026d6       0x60 Drivers/STM32F1xx_HAL_Driver/Src/stm32f1xx_hal_rtc.o
 .text.RTC_WriteTimeCounter
                0x0000000008002736       0x4e Drivers/STM32F1xx_HAL_Driver/Src/stm32f1xx_hal_rtc.o
 .text.RTC_ReadAlarmCounter
                0x0000000008002784       0x32 Drivers/STM32F1xx_HAL_Driver/Src/stm32f1xx_hal_rtc.o
 .text.RTC_WriteAlarmCounter
                0x00000000080027b6       0x4e Drivers/STM32F1xx_HAL_Driver/Src/stm32f1xx_hal_rtc.o
 .text.RTC_EnterInitMode
                0x0000000008002804       0x50 Drivers/STM32F1xx_HAL_Driver/Src/stm32f1xx_hal_rtc.o
 .text.RTC_ExitInitMode
                0x0000000008002854       0x50 Drivers/STM32F1xx_HAL_Driver/Src/stm32f1xx_hal_rtc.o
 .text.RTC_ByteToBcd2
                0x00000000080028a4       0x3a Drivers/STM32F1xx_HAL_Driver/Src/stm32f1xx_hal_rtc.o
 .text.RTC_Bcd2ToByte
                0x00000000080028de       0x3a Drivers/STM32F1xx_HAL_Driver/Src/stm32f1xx_hal_rtc.o
 .text.RTC_DateUpdate
                0x0000000008002918      0x152 Drivers/STM32F1xx_HAL_Driver/Src/stm32f1xx_hal_rtc.o
 *fill*         0x0000000008002a6a        0x2 
 .text.RTC_IsLeapYear
                0x0000000008002a6c       0x64 Drivers/STM32F1xx_HAL_Driver/Src/stm32f1xx_hal_rtc.o
 .text.RTC_WeekDayNum
                0x0000000008002ad0       0xf0 Drivers/STM32F1xx_HAL_Driver/Src/stm32f1xx_hal_rtc.o
 .text.HAL_RTCEx_SetSecond_IT
                0x0000000008002bc0       0x52 Drivers/STM32F1xx_HAL_Driver/Src/stm32f1xx_hal_rtc_ex.o
                0x0000000008002bc0                HAL_RTCEx_SetSecond_IT
 .text.HAL_RTCEx_RTCIRQHandler
                0x0000000008002c12       0x68 Drivers/STM32F1xx_HAL_Driver/Src/stm32f1xx_hal_rtc_ex.o
                0x0000000008002c12                HAL_RTCEx_RTCIRQHandler
 .text.HAL_RTCEx_RTCEventCallback
                0x0000000008002c7a       0x12 Drivers/STM32F1xx_HAL_Driver/Src/stm32f1xx_hal_rtc_ex.o
                0x0000000008002c7a                HAL_RTCEx_RTCEventCallback
 .text.HAL_RTCEx_RTCEventErrorCallback
                0x0000000008002c8c       0x12 Drivers/STM32F1xx_HAL_Driver/Src/stm32f1xx_hal_rtc_ex.o
                0x0000000008002c8c                HAL_RTCEx_RTCEventErrorCallback
 .text.HAL_TIM_Base_Init
                0x0000000008002c9e       0x9e Drivers/STM32F1xx_HAL_Driver/Src/stm32f1xx_hal_tim.o
                0x0000000008002c9e                HAL_TIM_Base_Init
 .text.HAL_TIM_Base_Start_IT
                0x0000000008002d3c       0xa4 Drivers/STM32F1xx_HAL_Driver/Src/stm32f1xx_hal_tim.o
                0x0000000008002d3c                HAL_TIM_Base_Start_IT
 .text.HAL_TIM_IRQHandler
                0x0000000008002de0      0x210 Drivers/STM32F1xx_HAL_Driver/Src/stm32f1xx_hal_tim.o
                0x0000000008002de0                HAL_TIM_IRQHandler
 .text.HAL_TIM_ConfigClockSource
                0x0000000008002ff0      0x16e Drivers/STM32F1xx_HAL_Driver/Src/stm32f1xx_hal_tim.o
                0x0000000008002ff0                HAL_TIM_ConfigClockSource
 .text.HAL_TIM_PeriodElapsedCallback
                0x000000000800315e       0x12 Drivers/STM32F1xx_HAL_Driver/Src/stm32f1xx_hal_tim.o
                0x000000000800315e                HAL_TIM_PeriodElapsedCallback
 .text.HAL_TIM_OC_DelayElapsedCallback
                0x0000000008003170       0x12 Drivers/STM32F1xx_HAL_Driver/Src/stm32f1xx_hal_tim.o
                0x0000000008003170                HAL_TIM_OC_DelayElapsedCallback
 .text.HAL_TIM_IC_CaptureCallback
                0x0000000008003182       0x12 Drivers/STM32F1xx_HAL_Driver/Src/stm32f1xx_hal_tim.o
                0x0000000008003182                HAL_TIM_IC_CaptureCallback
 .text.HAL_TIM_PWM_PulseFinishedCallback
                0x0000000008003194       0x12 Drivers/STM32F1xx_HAL_Driver/Src/stm32f1xx_hal_tim.o
                0x0000000008003194                HAL_TIM_PWM_PulseFinishedCallback
 .text.HAL_TIM_TriggerCallback
                0x00000000080031a6       0x12 Drivers/STM32F1xx_HAL_Driver/Src/stm32f1xx_hal_tim.o
                0x00000000080031a6                HAL_TIM_TriggerCallback
 .text.TIM_Base_SetConfig
                0x00000000080031b8       0xc4 Drivers/STM32F1xx_HAL_Driver/Src/stm32f1xx_hal_tim.o
                0x00000000080031b8                TIM_Base_SetConfig
 .text.TIM_TI1_ConfigInputStage
                0x000000000800327c       0x5c Drivers/STM32F1xx_HAL_Driver/Src/stm32f1xx_hal_tim.o
 .text.TIM_TI2_ConfigInputStage
                0x00000000080032d8       0x5e Drivers/STM32F1xx_HAL_Driver/Src/stm32f1xx_hal_tim.o
 .text.TIM_ITRx_SetConfig
                0x0000000008003336       0x34 Drivers/STM32F1xx_HAL_Driver/Src/stm32f1xx_hal_tim.o
 .text.TIM_ETR_SetConfig
                0x000000000800336a       0x3e Drivers/STM32F1xx_HAL_Driver/Src/stm32f1xx_hal_tim.o
                0x000000000800336a                TIM_ETR_SetConfig
 .text.HAL_TIMEx_MasterConfigSynchronization
                0x00000000080033a8       0xbc Drivers/STM32F1xx_HAL_Driver/Src/stm32f1xx_hal_tim_ex.o
                0x00000000080033a8                HAL_TIMEx_MasterConfigSynchronization
 .text.HAL_TIMEx_CommutCallback
                0x0000000008003464       0x12 Drivers/STM32F1xx_HAL_Driver/Src/stm32f1xx_hal_tim_ex.o
                0x0000000008003464                HAL_TIMEx_CommutCallback
 .text.HAL_TIMEx_BreakCallback
                0x0000000008003476       0x12 Drivers/STM32F1xx_HAL_Driver/Src/stm32f1xx_hal_tim_ex.o
                0x0000000008003476                HAL_TIMEx_BreakCallback
 .text.__libc_init_array
                0x0000000008003488       0x48 c:/stm/stm32cubeide_1.4.0/stm32cubeide/plugins/com.st.stm32cube.ide.mcu.externaltools.gnu-tools-for-stm32.7-2018-q2-update.win32_1.5.0.202011040924/tools/bin/../lib/gcc/arm-none-eabi/7.3.1/../../../../arm-none-eabi/lib/thumb/v7-m\libc_nano.a(lib_a-init.o)
                0x0000000008003488                __libc_init_array
 .text.memset   0x00000000080034d0       0x10 c:/stm/stm32cubeide_1.4.0/stm32cubeide/plugins/com.st.stm32cube.ide.mcu.externaltools.gnu-tools-for-stm32.7-2018-q2-update.win32_1.5.0.202011040924/tools/bin/../lib/gcc/arm-none-eabi/7.3.1/../../../../arm-none-eabi/lib/thumb/v7-m\libc_nano.a(lib_a-memset.o)
                0x00000000080034d0                memset
 *(.glue_7)
 .glue_7        0x00000000080034e0        0x0 linker stubs
 *(.glue_7t)
 .glue_7t       0x00000000080034e0        0x0 linker stubs
 *(.eh_frame)
 .eh_frame      0x00000000080034e0        0x0 c:/stm/stm32cubeide_1.4.0/stm32cubeide/plugins/com.st.stm32cube.ide.mcu.externaltools.gnu-tools-for-stm32.7-2018-q2-update.win32_1.5.0.202011040924/tools/bin/../lib/gcc/arm-none-eabi/7.3.1/thumb/v7-m/crtbegin.o
 *(.init)
 .init          0x00000000080034e0        0x4 c:/stm/stm32cubeide_1.4.0/stm32cubeide/plugins/com.st.stm32cube.ide.mcu.externaltools.gnu-tools-for-stm32.7-2018-q2-update.win32_1.5.0.202011040924/tools/bin/../lib/gcc/arm-none-eabi/7.3.1/thumb/v7-m/crti.o
                0x00000000080034e0                _init
 .init          0x00000000080034e4        0x8 c:/stm/stm32cubeide_1.4.0/stm32cubeide/plugins/com.st.stm32cube.ide.mcu.externaltools.gnu-tools-for-stm32.7-2018-q2-update.win32_1.5.0.202011040924/tools/bin/../lib/gcc/arm-none-eabi/7.3.1/thumb/v7-m/crtn.o
 *(.fini)
 .fini          0x00000000080034ec        0x4 c:/stm/stm32cubeide_1.4.0/stm32cubeide/plugins/com.st.stm32cube.ide.mcu.externaltools.gnu-tools-for-stm32.7-2018-q2-update.win32_1.5.0.202011040924/tools/bin/../lib/gcc/arm-none-eabi/7.3.1/thumb/v7-m/crti.o
                0x00000000080034ec                _fini
 .fini          0x00000000080034f0        0x8 c:/stm/stm32cubeide_1.4.0/stm32cubeide/plugins/com.st.stm32cube.ide.mcu.externaltools.gnu-tools-for-stm32.7-2018-q2-update.win32_1.5.0.202011040924/tools/bin/../lib/gcc/arm-none-eabi/7.3.1/thumb/v7-m/crtn.o
                0x00000000080034f8                . = ALIGN (0x4)
                0x00000000080034f8                _etext = .

.vfp11_veneer   0x00000000080034f8        0x0
 .vfp11_veneer  0x00000000080034f8        0x0 linker stubs

.v4_bx          0x00000000080034f8        0x0
 .v4_bx         0x00000000080034f8        0x0 linker stubs

.iplt           0x00000000080034f8        0x0
 .iplt          0x00000000080034f8        0x0 c:/stm/stm32cubeide_1.4.0/stm32cubeide/plugins/com.st.stm32cube.ide.mcu.externaltools.gnu-tools-for-stm32.7-2018-q2-update.win32_1.5.0.202011040924/tools/bin/../lib/gcc/arm-none-eabi/7.3.1/thumb/v7-m/crtbegin.o

.rodata         0x00000000080034f8       0x58
                0x00000000080034f8                . = ALIGN (0x4)
 *(.rodata)
 .rodata        0x00000000080034f8       0x12 Drivers/STM32F1xx_HAL_Driver/Src/stm32f1xx_hal_rcc.o
 *fill*         0x000000000800350a        0x2 
 .rodata        0x000000000800350c       0x12 Drivers/STM32F1xx_HAL_Driver/Src/stm32f1xx_hal_rcc_ex.o
 *(.rodata*)
 *fill*         0x000000000800351e        0x2 
 .rodata.font   0x0000000008003520       0x16 Core/Src/main.o
                0x0000000008003520                font
 *fill*         0x0000000008003536        0x2 
 .rodata.AHBPrescTable
                0x0000000008003538       0x10 Core/Src/system_stm32f1xx.o
                0x0000000008003538                AHBPrescTable
 .rodata.APBPrescTable
                0x0000000008003548        0x8 Core/Src/system_stm32f1xx.o
                0x0000000008003548                APBPrescTable
                0x0000000008003550                . = ALIGN (0x4)

.rel.dyn        0x0000000008003550        0x0
 .rel.iplt      0x0000000008003550        0x0 c:/stm/stm32cubeide_1.4.0/stm32cubeide/plugins/com.st.stm32cube.ide.mcu.externaltools.gnu-tools-for-stm32.7-2018-q2-update.win32_1.5.0.202011040924/tools/bin/../lib/gcc/arm-none-eabi/7.3.1/thumb/v7-m/crtbegin.o

.ARM.extab      0x0000000008003550        0x0
                0x0000000008003550                . = ALIGN (0x4)
 *(.ARM.extab* .gnu.linkonce.armextab.*)
                0x0000000008003550                . = ALIGN (0x4)

.ARM            0x0000000008003550        0x0
                0x0000000008003550                . = ALIGN (0x4)
                0x0000000008003550                __exidx_start = .
 *(.ARM.exidx*)
                0x0000000008003550                __exidx_end = .
                0x0000000008003550                . = ALIGN (0x4)

.preinit_array  0x0000000008003550        0x0
                0x0000000008003550                . = ALIGN (0x4)
                0x0000000008003550                PROVIDE (__preinit_array_start = .)
 *(.preinit_array*)
                0x0000000008003550                PROVIDE (__preinit_array_end = .)
                0x0000000008003550                . = ALIGN (0x4)

.init_array     0x0000000008003550        0x4
                0x0000000008003550                . = ALIGN (0x4)
                0x0000000008003550                PROVIDE (__init_array_start = .)
 *(SORT_BY_NAME(.init_array.*))
 *(.init_array*)
 .init_array    0x0000000008003550        0x4 c:/stm/stm32cubeide_1.4.0/stm32cubeide/plugins/com.st.stm32cube.ide.mcu.externaltools.gnu-tools-for-stm32.7-2018-q2-update.win32_1.5.0.202011040924/tools/bin/../lib/gcc/arm-none-eabi/7.3.1/thumb/v7-m/crtbegin.o
                0x0000000008003554                PROVIDE (__init_array_end = .)
                0x0000000008003554                . = ALIGN (0x4)

.fini_array     0x0000000008003554        0x4
                0x0000000008003554                . = ALIGN (0x4)
                [!provide]                        PROVIDE (__fini_array_start = .)
 *(SORT_BY_NAME(.fini_array.*))
 *(.fini_array*)
 .fini_array    0x0000000008003554        0x4 c:/stm/stm32cubeide_1.4.0/stm32cubeide/plugins/com.st.stm32cube.ide.mcu.externaltools.gnu-tools-for-stm32.7-2018-q2-update.win32_1.5.0.202011040924/tools/bin/../lib/gcc/arm-none-eabi/7.3.1/thumb/v7-m/crtbegin.o
                [!provide]                        PROVIDE (__fini_array_end = .)
                0x0000000008003558                . = ALIGN (0x4)
                0x0000000008003558                _sidata = LOADADDR (.data)

.data           0x0000000020000000        0xc load address 0x0000000008003558
                0x0000000020000000                . = ALIGN (0x4)
                0x0000000020000000                _sdata = .
 *(.data)
 *(.data*)
 .data.SystemCoreClock
                0x0000000020000000        0x4 Core/Src/system_stm32f1xx.o
                0x0000000020000000                SystemCoreClock
 .data.uwTickPrio
                0x0000000020000004        0x4 Drivers/STM32F1xx_HAL_Driver/Src/stm32f1xx_hal.o
                0x0000000020000004                uwTickPrio
 .data.uwTickFreq
                0x0000000020000008        0x1 Drivers/STM32F1xx_HAL_Driver/Src/stm32f1xx_hal.o
                0x0000000020000008                uwTickFreq
                0x000000002000000c                . = ALIGN (0x4)
 *fill*         0x0000000020000009        0x3 
                0x000000002000000c                _edata = .

.igot.plt       0x000000002000000c        0x0 load address 0x0000000008003564
 .igot.plt      0x000000002000000c        0x0 c:/stm/stm32cubeide_1.4.0/stm32cubeide/plugins/com.st.stm32cube.ide.mcu.externaltools.gnu-tools-for-stm32.7-2018-q2-update.win32_1.5.0.202011040924/tools/bin/../lib/gcc/arm-none-eabi/7.3.1/thumb/v7-m/crtbegin.o
                0x000000002000000c                . = ALIGN (0x4)

.bss            0x000000002000000c       0xe4 load address 0x0000000008003564
                0x000000002000000c                _sbss = .
                0x000000002000000c                __bss_start__ = _sbss
 *(.bss)
 .bss           0x000000002000000c       0x1c c:/stm/stm32cubeide_1.4.0/stm32cubeide/plugins/com.st.stm32cube.ide.mcu.externaltools.gnu-tools-for-stm32.7-2018-q2-update.win32_1.5.0.202011040924/tools/bin/../lib/gcc/arm-none-eabi/7.3.1/thumb/v7-m/crtbegin.o
 *(.bss*)
 .bss.alarmflag
                0x0000000020000028        0x1 Core/Src/main.o
                0x0000000020000028                alarmflag
 *fill*         0x0000000020000029        0x3 
 .bss.Dez_Hora  0x000000002000002c        0x4 Core/Src/main.o
                0x000000002000002c                Dez_Hora
 .bss.Uni_Hora  0x0000000020000030        0x4 Core/Src/main.o
                0x0000000020000030                Uni_Hora
 .bss.Dez_Minuto
                0x0000000020000034        0x4 Core/Src/main.o
                0x0000000020000034                Dez_Minuto
 .bss.Uni_Minuto
                0x0000000020000038        0x4 Core/Src/main.o
                0x0000000020000038                Uni_Minuto
 .bss.Dez_Segundos
                0x000000002000003c        0x4 Core/Src/main.o
                0x000000002000003c                Dez_Segundos
 .bss.Uni_Segundos
                0x0000000020000040        0x4 Core/Src/main.o
                0x0000000020000040                Uni_Segundos
 .bss.digit.6105
                0x0000000020000044        0x1 Core/Src/stm32f1xx_it.o
 *(COMMON)
 *fill*         0x0000000020000045        0x3 
 COMMON         0x0000000020000048       0xa1 Core/Src/main.o
                0x0000000020000048                Minutos
                0x0000000020000049                Bt_AjMin
                0x000000002000004c                testeok
                0x0000000020000050                NovaHora
                0x0000000020000054                clkTime
                0x0000000020000058                sAlarm
                0x0000000020000060                AjMin
                0x0000000020000064                buffer
                0x000000002000006b                Segundos
                0x000000002000006c                hrtc
                0x0000000020000080                AlMin
                0x0000000020000084                cont
                0x0000000020000088                NovoSeg
                0x0000000020000089                Bt_AjHora
                0x000000002000008c                htim2
                0x00000000200000d4                AlHora
                0x00000000200000d8                AjHora
                0x00000000200000dc                BotAl
                0x00000000200000e0                NovaMin
                0x00000000200000e1                AlSeg
                0x00000000200000e2                Horas
                0x00000000200000e4                BotHora
                0x00000000200000e8                BotEsc
 *fill*         0x00000000200000e9        0x3 
 COMMON         0x00000000200000ec        0x4 Drivers/STM32F1xx_HAL_Driver/Src/stm32f1xx_hal.o
                0x00000000200000ec                uwTick
                0x00000000200000f0                . = ALIGN (0x4)
                0x00000000200000f0                _ebss = .
                0x00000000200000f0                __bss_end__ = _ebss

._user_heap_stack
                0x00000000200000f0      0x600 load address 0x0000000008003564
                0x00000000200000f0                . = ALIGN (0x8)
                [!provide]                        PROVIDE (end = .)
                0x00000000200000f0                PROVIDE (_end = .)
                0x00000000200002f0                . = (. + _Min_Heap_Size)
 *fill*         0x00000000200000f0      0x200 
                0x00000000200006f0                . = (. + _Min_Stack_Size)
 *fill*         0x00000000200002f0      0x400 
                0x00000000200006f0                . = ALIGN (0x8)

/DISCARD/
 libc.a(*)
 libm.a(*)
 libgcc.a(*)

.ARM.attributes
                0x0000000000000000       0x29
 *(.ARM.attributes)
 .ARM.attributes
                0x0000000000000000       0x1d c:/stm/stm32cubeide_1.4.0/stm32cubeide/plugins/com.st.stm32cube.ide.mcu.externaltools.gnu-tools-for-stm32.7-2018-q2-update.win32_1.5.0.202011040924/tools/bin/../lib/gcc/arm-none-eabi/7.3.1/thumb/v7-m/crti.o
 .ARM.attributes
                0x000000000000001d       0x2d c:/stm/stm32cubeide_1.4.0/stm32cubeide/plugins/com.st.stm32cube.ide.mcu.externaltools.gnu-tools-for-stm32.7-2018-q2-update.win32_1.5.0.202011040924/tools/bin/../lib/gcc/arm-none-eabi/7.3.1/thumb/v7-m/crtbegin.o
 .ARM.attributes
                0x000000000000004a       0x33 Core/Src/main.o
 .ARM.attributes
                0x000000000000007d       0x33 Core/Src/stm32f1xx_hal_msp.o
 .ARM.attributes
                0x00000000000000b0       0x33 Core/Src/stm32f1xx_it.o
 .ARM.attributes
                0x00000000000000e3       0x33 Core/Src/system_stm32f1xx.o
 .ARM.attributes
                0x0000000000000116       0x21 Core/Startup/startup_stm32f103c8tx.o
 .ARM.attributes
                0x0000000000000137       0x33 Drivers/STM32F1xx_HAL_Driver/Src/stm32f1xx_hal.o
 .ARM.attributes
                0x000000000000016a       0x33 Drivers/STM32F1xx_HAL_Driver/Src/stm32f1xx_hal_cortex.o
 .ARM.attributes
                0x000000000000019d       0x33 Drivers/STM32F1xx_HAL_Driver/Src/stm32f1xx_hal_gpio.o
 .ARM.attributes
                0x00000000000001d0       0x33 Drivers/STM32F1xx_HAL_Driver/Src/stm32f1xx_hal_pwr.o
 .ARM.attributes
                0x0000000000000203       0x33 Drivers/STM32F1xx_HAL_Driver/Src/stm32f1xx_hal_rcc.o
 .ARM.attributes
                0x0000000000000236       0x33 Drivers/STM32F1xx_HAL_Driver/Src/stm32f1xx_hal_rcc_ex.o
 .ARM.attributes
                0x0000000000000269       0x33 Drivers/STM32F1xx_HAL_Driver/Src/stm32f1xx_hal_rtc.o
 .ARM.attributes
                0x000000000000029c       0x33 Drivers/STM32F1xx_HAL_Driver/Src/stm32f1xx_hal_rtc_ex.o
 .ARM.attributes
                0x00000000000002cf       0x33 Drivers/STM32F1xx_HAL_Driver/Src/stm32f1xx_hal_tim.o
 .ARM.attributes
                0x0000000000000302       0x33 Drivers/STM32F1xx_HAL_Driver/Src/stm32f1xx_hal_tim_ex.o
 .ARM.attributes
                0x0000000000000335       0x2d c:/stm/stm32cubeide_1.4.0/stm32cubeide/plugins/com.st.stm32cube.ide.mcu.externaltools.gnu-tools-for-stm32.7-2018-q2-update.win32_1.5.0.202011040924/tools/bin/../lib/gcc/arm-none-eabi/7.3.1/../../../../arm-none-eabi/lib/thumb/v7-m\libc_nano.a(lib_a-init.o)
 .ARM.attributes
                0x0000000000000362       0x2d c:/stm/stm32cubeide_1.4.0/stm32cubeide/plugins/com.st.stm32cube.ide.mcu.externaltools.gnu-tools-for-stm32.7-2018-q2-update.win32_1.5.0.202011040924/tools/bin/../lib/gcc/arm-none-eabi/7.3.1/../../../../arm-none-eabi/lib/thumb/v7-m\libc_nano.a(lib_a-memset.o)
 .ARM.attributes
                0x000000000000038f       0x1d c:/stm/stm32cubeide_1.4.0/stm32cubeide/plugins/com.st.stm32cube.ide.mcu.externaltools.gnu-tools-for-stm32.7-2018-q2-update.win32_1.5.0.202011040924/tools/bin/../lib/gcc/arm-none-eabi/7.3.1/thumb/v7-m/crtn.o
OUTPUT(Relogio.elf elf32-littlearm)

.debug_info     0x0000000000000000     0xa6a2
 .debug_info    0x0000000000000000     0x1051 Core/Src/main.o
 .debug_info    0x0000000000001051      0xbb9 Core/Src/stm32f1xx_hal_msp.o
 .debug_info    0x0000000000001c0a      0xa13 Core/Src/stm32f1xx_it.o
 .debug_info    0x000000000000261d      0x43e Core/Src/system_stm32f1xx.o
 .debug_info    0x0000000000002a5b       0x22 Core/Startup/startup_stm32f103c8tx.o
 .debug_info    0x0000000000002a7d      0x714 Drivers/STM32F1xx_HAL_Driver/Src/stm32f1xx_hal.o
 .debug_info    0x0000000000003191      0xb51 Drivers/STM32F1xx_HAL_Driver/Src/stm32f1xx_hal_cortex.o
 .debug_info    0x0000000000003ce2      0x69b Drivers/STM32F1xx_HAL_Driver/Src/stm32f1xx_hal_gpio.o
 .debug_info    0x000000000000437d      0x6e2 Drivers/STM32F1xx_HAL_Driver/Src/stm32f1xx_hal_pwr.o
 .debug_info    0x0000000000004a5f      0x80f Drivers/STM32F1xx_HAL_Driver/Src/stm32f1xx_hal_rcc.o
 .debug_info    0x000000000000526e      0x444 Drivers/STM32F1xx_HAL_Driver/Src/stm32f1xx_hal_rcc_ex.o
 .debug_info    0x00000000000056b2      0xd2f Drivers/STM32F1xx_HAL_Driver/Src/stm32f1xx_hal_rtc.o
 .debug_info    0x00000000000063e1      0x763 Drivers/STM32F1xx_HAL_Driver/Src/stm32f1xx_hal_rtc_ex.o
 .debug_info    0x0000000000006b44     0x27ef Drivers/STM32F1xx_HAL_Driver/Src/stm32f1xx_hal_tim.o
 .debug_info    0x0000000000009333     0x136f Drivers/STM32F1xx_HAL_Driver/Src/stm32f1xx_hal_tim_ex.o

.debug_abbrev   0x0000000000000000     0x1b9b
 .debug_abbrev  0x0000000000000000      0x290 Core/Src/main.o
 .debug_abbrev  0x0000000000000290      0x197 Core/Src/stm32f1xx_hal_msp.o
 .debug_abbrev  0x0000000000000427      0x19b Core/Src/stm32f1xx_it.o
 .debug_abbrev  0x00000000000005c2      0x134 Core/Src/system_stm32f1xx.o
 .debug_abbrev  0x00000000000006f6       0x12 Core/Startup/startup_stm32f103c8tx.o
 .debug_abbrev  0x0000000000000708      0x1c7 Drivers/STM32F1xx_HAL_Driver/Src/stm32f1xx_hal.o
 .debug_abbrev  0x00000000000008cf      0x2d5 Drivers/STM32F1xx_HAL_Driver/Src/stm32f1xx_hal_cortex.o
 .debug_abbrev  0x0000000000000ba4      0x1c0 Drivers/STM32F1xx_HAL_Driver/Src/stm32f1xx_hal_gpio.o
 .debug_abbrev  0x0000000000000d64      0x1f2 Drivers/STM32F1xx_HAL_Driver/Src/stm32f1xx_hal_pwr.o
 .debug_abbrev  0x0000000000000f56      0x243 Drivers/STM32F1xx_HAL_Driver/Src/stm32f1xx_hal_rcc.o
 .debug_abbrev  0x0000000000001199      0x175 Drivers/STM32F1xx_HAL_Driver/Src/stm32f1xx_hal_rcc_ex.o
 .debug_abbrev  0x000000000000130e      0x20a Drivers/STM32F1xx_HAL_Driver/Src/stm32f1xx_hal_rtc.o
 .debug_abbrev  0x0000000000001518      0x21d Drivers/STM32F1xx_HAL_Driver/Src/stm32f1xx_hal_rtc_ex.o
 .debug_abbrev  0x0000000000001735      0x230 Drivers/STM32F1xx_HAL_Driver/Src/stm32f1xx_hal_tim.o
 .debug_abbrev  0x0000000000001965      0x236 Drivers/STM32F1xx_HAL_Driver/Src/stm32f1xx_hal_tim_ex.o

.debug_aranges  0x0000000000000000      0xbe0
 .debug_aranges
                0x0000000000000000       0x80 Core/Src/main.o
 .debug_aranges
                0x0000000000000080       0x40 Core/Src/stm32f1xx_hal_msp.o
 .debug_aranges
                0x00000000000000c0       0x78 Core/Src/stm32f1xx_it.o
 .debug_aranges
                0x0000000000000138       0x28 Core/Src/system_stm32f1xx.o
 .debug_aranges
                0x0000000000000160       0x28 Core/Startup/startup_stm32f103c8tx.o
 .debug_aranges
                0x0000000000000188       0xe0 Drivers/STM32F1xx_HAL_Driver/Src/stm32f1xx_hal.o
 .debug_aranges
                0x0000000000000268      0x100 Drivers/STM32F1xx_HAL_Driver/Src/stm32f1xx_hal_cortex.o
 .debug_aranges
                0x0000000000000368       0x58 Drivers/STM32F1xx_HAL_Driver/Src/stm32f1xx_hal_gpio.o
 .debug_aranges
                0x00000000000003c0       0xa8 Drivers/STM32F1xx_HAL_Driver/Src/stm32f1xx_hal_pwr.o
 .debug_aranges
                0x0000000000000468       0x90 Drivers/STM32F1xx_HAL_Driver/Src/stm32f1xx_hal_rcc.o
 .debug_aranges
                0x00000000000004f8       0x30 Drivers/STM32F1xx_HAL_Driver/Src/stm32f1xx_hal_rcc_ex.o
 .debug_aranges
                0x0000000000000528       0xf8 Drivers/STM32F1xx_HAL_Driver/Src/stm32f1xx_hal_rtc.o
 .debug_aranges
                0x0000000000000620       0x88 Drivers/STM32F1xx_HAL_Driver/Src/stm32f1xx_hal_rtc_ex.o
 .debug_aranges
                0x00000000000006a8      0x3d0 Drivers/STM32F1xx_HAL_Driver/Src/stm32f1xx_hal_tim.o
 .debug_aranges
                0x0000000000000a78      0x168 Drivers/STM32F1xx_HAL_Driver/Src/stm32f1xx_hal_tim_ex.o

.debug_ranges   0x0000000000000000      0xaf8
 .debug_ranges  0x0000000000000000       0x70 Core/Src/main.o
 .debug_ranges  0x0000000000000070       0x30 Core/Src/stm32f1xx_hal_msp.o
 .debug_ranges  0x00000000000000a0       0x68 Core/Src/stm32f1xx_it.o
 .debug_ranges  0x0000000000000108       0x18 Core/Src/system_stm32f1xx.o
 .debug_ranges  0x0000000000000120       0x20 Core/Startup/startup_stm32f103c8tx.o
 .debug_ranges  0x0000000000000140       0xd0 Drivers/STM32F1xx_HAL_Driver/Src/stm32f1xx_hal.o
 .debug_ranges  0x0000000000000210       0xf0 Drivers/STM32F1xx_HAL_Driver/Src/stm32f1xx_hal_cortex.o
 .debug_ranges  0x0000000000000300       0x48 Drivers/STM32F1xx_HAL_Driver/Src/stm32f1xx_hal_gpio.o
 .debug_ranges  0x0000000000000348       0x98 Drivers/STM32F1xx_HAL_Driver/Src/stm32f1xx_hal_pwr.o
 .debug_ranges  0x00000000000003e0       0x80 Drivers/STM32F1xx_HAL_Driver/Src/stm32f1xx_hal_rcc.o
 .debug_ranges  0x0000000000000460       0x20 Drivers/STM32F1xx_HAL_Driver/Src/stm32f1xx_hal_rcc_ex.o
 .debug_ranges  0x0000000000000480       0xe8 Drivers/STM32F1xx_HAL_Driver/Src/stm32f1xx_hal_rtc.o
 .debug_ranges  0x0000000000000568       0x78 Drivers/STM32F1xx_HAL_Driver/Src/stm32f1xx_hal_rtc_ex.o
 .debug_ranges  0x00000000000005e0      0x3c0 Drivers/STM32F1xx_HAL_Driver/Src/stm32f1xx_hal_tim.o
 .debug_ranges  0x00000000000009a0      0x158 Drivers/STM32F1xx_HAL_Driver/Src/stm32f1xx_hal_tim_ex.o

.debug_macro    0x0000000000000000    0x17117
 .debug_macro   0x0000000000000000      0x1c5 Core/Src/main.o
 .debug_macro   0x00000000000001c5      0xa5a Core/Src/main.o
 .debug_macro   0x0000000000000c1f      0x21b Core/Src/main.o
 .debug_macro   0x0000000000000e3a       0x2e Core/Src/main.o
 .debug_macro   0x0000000000000e68       0x22 Core/Src/main.o
 .debug_macro   0x0000000000000e8a       0x22 Core/Src/main.o
 .debug_macro   0x0000000000000eac       0x8e Core/Src/main.o
 .debug_macro   0x0000000000000f3a       0x51 Core/Src/main.o
 .debug_macro   0x0000000000000f8b       0xef Core/Src/main.o
 .debug_macro   0x000000000000107a       0x6a Core/Src/main.o
 .debug_macro   0x00000000000010e4      0x1df Core/Src/main.o
 .debug_macro   0x00000000000012c3       0x1c Core/Src/main.o
 .debug_macro   0x00000000000012df       0x22 Core/Src/main.o
 .debug_macro   0x0000000000001301       0xc3 Core/Src/main.o
 .debug_macro   0x00000000000013c4      0xd23 Core/Src/main.o
 .debug_macro   0x00000000000020e7     0xe097 Core/Src/main.o
 .debug_macro   0x000000000001017e       0x43 Core/Src/main.o
 .debug_macro   0x00000000000101c1     0x3468 Core/Src/main.o
 .debug_macro   0x0000000000013629      0x174 Core/Src/main.o
 .debug_macro   0x000000000001379d       0x5c Core/Src/main.o
 .debug_macro   0x00000000000137f9      0x5be Core/Src/main.o
 .debug_macro   0x0000000000013db7      0x289 Core/Src/main.o
 .debug_macro   0x0000000000014040      0x1cb Core/Src/main.o
 .debug_macro   0x000000000001420b      0x114 Core/Src/main.o
 .debug_macro   0x000000000001431f      0x1b2 Core/Src/main.o
 .debug_macro   0x00000000000144d1       0x27 Core/Src/main.o
 .debug_macro   0x00000000000144f8      0x136 Core/Src/main.o
 .debug_macro   0x000000000001462e      0x1bc Core/Src/main.o
 .debug_macro   0x00000000000147ea       0x34 Core/Src/main.o
 .debug_macro   0x000000000001481e       0x3c Core/Src/main.o
 .debug_macro   0x000000000001485a       0x57 Core/Src/main.o
 .debug_macro   0x00000000000148b1       0x88 Core/Src/main.o
 .debug_macro   0x0000000000014939      0x241 Core/Src/main.o
 .debug_macro   0x0000000000014b7a      0x141 Core/Src/main.o
 .debug_macro   0x0000000000014cbb      0x1ef Core/Src/main.o
 .debug_macro   0x0000000000014eaa       0xec Core/Src/main.o
 .debug_macro   0x0000000000014f96      0x8d1 Core/Src/main.o
 .debug_macro   0x0000000000015867       0x83 Core/Src/main.o
 .debug_macro   0x00000000000158ea      0x100 Core/Src/main.o
 .debug_macro   0x00000000000159ea       0x1c Core/Src/main.o
 .debug_macro   0x0000000000015a06      0x1bc Core/Src/stm32f1xx_hal_msp.o
 .debug_macro   0x0000000000015bc2      0x1cf Core/Src/stm32f1xx_it.o
 .debug_macro   0x0000000000015d91      0x1b3 Core/Src/system_stm32f1xx.o
 .debug_macro   0x0000000000015f44      0x1d1 Drivers/STM32F1xx_HAL_Driver/Src/stm32f1xx_hal.o
 .debug_macro   0x0000000000016115      0x1ad Drivers/STM32F1xx_HAL_Driver/Src/stm32f1xx_hal_cortex.o
 .debug_macro   0x00000000000162c2      0x218 Drivers/STM32F1xx_HAL_Driver/Src/stm32f1xx_hal_gpio.o
 .debug_macro   0x00000000000164da      0x20d Drivers/STM32F1xx_HAL_Driver/Src/stm32f1xx_hal_pwr.o
 .debug_macro   0x00000000000166e7      0x1bf Drivers/STM32F1xx_HAL_Driver/Src/stm32f1xx_hal_rcc.o
 .debug_macro   0x00000000000168a6      0x1ad Drivers/STM32F1xx_HAL_Driver/Src/stm32f1xx_hal_rcc_ex.o
 .debug_macro   0x0000000000016a53      0x1bc Drivers/STM32F1xx_HAL_Driver/Src/stm32f1xx_hal_rtc.o
 .debug_macro   0x0000000000016c0f      0x1ad Drivers/STM32F1xx_HAL_Driver/Src/stm32f1xx_hal_rtc_ex.o
 .debug_macro   0x0000000000016dbc      0x1ae Drivers/STM32F1xx_HAL_Driver/Src/stm32f1xx_hal_tim.o
 .debug_macro   0x0000000000016f6a      0x1ad Drivers/STM32F1xx_HAL_Driver/Src/stm32f1xx_hal_tim_ex.o

.debug_line     0x0000000000000000     0x974c
 .debug_line    0x0000000000000000      0x83a Core/Src/main.o
 .debug_line    0x000000000000083a      0x6ec Core/Src/stm32f1xx_hal_msp.o
 .debug_line    0x0000000000000f26      0x7c9 Core/Src/stm32f1xx_it.o
 .debug_line    0x00000000000016ef      0x6c5 Core/Src/system_stm32f1xx.o
 .debug_line    0x0000000000001db4       0x84 Core/Startup/startup_stm32f103c8tx.o
 .debug_line    0x0000000000001e38      0x86f Drivers/STM32F1xx_HAL_Driver/Src/stm32f1xx_hal.o
 .debug_line    0x00000000000026a7      0x946 Drivers/STM32F1xx_HAL_Driver/Src/stm32f1xx_hal_cortex.o
 .debug_line    0x0000000000002fed      0x86b Drivers/STM32F1xx_HAL_Driver/Src/stm32f1xx_hal_gpio.o
 .debug_line    0x0000000000003858      0x812 Drivers/STM32F1xx_HAL_Driver/Src/stm32f1xx_hal_pwr.o
 .debug_line    0x000000000000406a      0x92f Drivers/STM32F1xx_HAL_Driver/Src/stm32f1xx_hal_rcc.o
 .debug_line    0x0000000000004999      0x74d Drivers/STM32F1xx_HAL_Driver/Src/stm32f1xx_hal_rcc_ex.o
 .debug_line    0x00000000000050e6      0xb1a Drivers/STM32F1xx_HAL_Driver/Src/stm32f1xx_hal_rtc.o
 .debug_line    0x0000000000005c00      0x8ae Drivers/STM32F1xx_HAL_Driver/Src/stm32f1xx_hal_rtc_ex.o
 .debug_line    0x00000000000064ae     0x1fc8 Drivers/STM32F1xx_HAL_Driver/Src/stm32f1xx_hal_tim.o
 .debug_line    0x0000000000008476     0x12d6 Drivers/STM32F1xx_HAL_Driver/Src/stm32f1xx_hal_tim_ex.o

.debug_str      0x0000000000000000    0x86589
 .debug_str     0x0000000000000000    0x83776 Core/Src/main.o
                                      0x83b97 (size before relaxing)
 .debug_str     0x0000000000083776      0x316 Core/Src/stm32f1xx_hal_msp.o
                                      0x83a26 (size before relaxing)
 .debug_str     0x0000000000083a8c      0x105 Core/Src/stm32f1xx_it.o
                                      0x837d9 (size before relaxing)
 .debug_str     0x0000000000083b91       0xc2 Core/Src/system_stm32f1xx.o
                                      0x82dc9 (size before relaxing)
 .debug_str     0x0000000000083c53       0x36 Core/Startup/startup_stm32f103c8tx.o
                                         0x63 (size before relaxing)
 .debug_str     0x0000000000083c89      0x304 Drivers/STM32F1xx_HAL_Driver/Src/stm32f1xx_hal.o
                                      0x833e0 (size before relaxing)
 .debug_str     0x0000000000083f8d      0x2ac Drivers/STM32F1xx_HAL_Driver/Src/stm32f1xx_hal_cortex.o
                                      0x833e8 (size before relaxing)
 .debug_str     0x0000000000084239      0x324 Drivers/STM32F1xx_HAL_Driver/Src/stm32f1xx_hal_gpio.o
                                      0x83113 (size before relaxing)
 .debug_str     0x000000000008455d      0x50e Drivers/STM32F1xx_HAL_Driver/Src/stm32f1xx_hal_pwr.o
                                      0x832b2 (size before relaxing)
 .debug_str     0x0000000000084a6b      0x243 Drivers/STM32F1xx_HAL_Driver/Src/stm32f1xx_hal_rcc.o
                                      0x8314c (size before relaxing)
 .debug_str     0x0000000000084cae       0xb9 Drivers/STM32F1xx_HAL_Driver/Src/stm32f1xx_hal_rcc_ex.o
                                      0x82ed9 (size before relaxing)
 .debug_str     0x0000000000084d67      0x314 Drivers/STM32F1xx_HAL_Driver/Src/stm32f1xx_hal_rtc.o
                                      0x8325f (size before relaxing)
 .debug_str     0x000000000008507b      0x206 Drivers/STM32F1xx_HAL_Driver/Src/stm32f1xx_hal_rtc_ex.o
                                      0x830bc (size before relaxing)
 .debug_str     0x0000000000085281      0xdf1 Drivers/STM32F1xx_HAL_Driver/Src/stm32f1xx_hal_tim.o
                                      0x8411e (size before relaxing)
 .debug_str     0x0000000000086072      0x517 Drivers/STM32F1xx_HAL_Driver/Src/stm32f1xx_hal_tim_ex.o
                                      0x838f8 (size before relaxing)

.comment        0x0000000000000000       0x7b
 .comment       0x0000000000000000       0x7b Core/Src/main.o
                                         0x7c (size before relaxing)
 .comment       0x000000000000007b       0x7c Core/Src/stm32f1xx_hal_msp.o
 .comment       0x000000000000007b       0x7c Core/Src/stm32f1xx_it.o
 .comment       0x000000000000007b       0x7c Core/Src/system_stm32f1xx.o
 .comment       0x000000000000007b       0x7c Drivers/STM32F1xx_HAL_Driver/Src/stm32f1xx_hal.o
 .comment       0x000000000000007b       0x7c Drivers/STM32F1xx_HAL_Driver/Src/stm32f1xx_hal_cortex.o
 .comment       0x000000000000007b       0x7c Drivers/STM32F1xx_HAL_Driver/Src/stm32f1xx_hal_gpio.o
 .comment       0x000000000000007b       0x7c Drivers/STM32F1xx_HAL_Driver/Src/stm32f1xx_hal_pwr.o
 .comment       0x000000000000007b       0x7c Drivers/STM32F1xx_HAL_Driver/Src/stm32f1xx_hal_rcc.o
 .comment       0x000000000000007b       0x7c Drivers/STM32F1xx_HAL_Driver/Src/stm32f1xx_hal_rcc_ex.o
 .comment       0x000000000000007b       0x7c Drivers/STM32F1xx_HAL_Driver/Src/stm32f1xx_hal_rtc.o
 .comment       0x000000000000007b       0x7c Drivers/STM32F1xx_HAL_Driver/Src/stm32f1xx_hal_rtc_ex.o
 .comment       0x000000000000007b       0x7c Drivers/STM32F1xx_HAL_Driver/Src/stm32f1xx_hal_tim.o
 .comment       0x000000000000007b       0x7c Drivers/STM32F1xx_HAL_Driver/Src/stm32f1xx_hal_tim_ex.o

.debug_frame    0x0000000000000000     0x3098
 .debug_frame   0x0000000000000000      0x1bc Core/Src/main.o
 .debug_frame   0x00000000000001bc       0xc8 Core/Src/stm32f1xx_hal_msp.o
 .debug_frame   0x0000000000000284      0x160 Core/Src/stm32f1xx_it.o
 .debug_frame   0x00000000000003e4       0x58 Core/Src/system_stm32f1xx.o
 .debug_frame   0x000000000000043c      0x334 Drivers/STM32F1xx_HAL_Driver/Src/stm32f1xx_hal.o
 .debug_frame   0x0000000000000770      0x428 Drivers/STM32F1xx_HAL_Driver/Src/stm32f1xx_hal_cortex.o
 .debug_frame   0x0000000000000b98      0x14c Drivers/STM32F1xx_HAL_Driver/Src/stm32f1xx_hal_gpio.o
 .debug_frame   0x0000000000000ce4      0x270 Drivers/STM32F1xx_HAL_Driver/Src/stm32f1xx_hal_pwr.o
 .debug_frame   0x0000000000000f54      0x21c Drivers/STM32F1xx_HAL_Driver/Src/stm32f1xx_hal_rcc.o
 .debug_frame   0x0000000000001170       0x84 Drivers/STM32F1xx_HAL_Driver/Src/stm32f1xx_hal_rcc_ex.o
 .debug_frame   0x00000000000011f4      0x434 Drivers/STM32F1xx_HAL_Driver/Src/stm32f1xx_hal_rtc.o
 .debug_frame   0x0000000000001628      0x234 Drivers/STM32F1xx_HAL_Driver/Src/stm32f1xx_hal_rtc_ex.o
 .debug_frame   0x000000000000185c     0x11b8 Drivers/STM32F1xx_HAL_Driver/Src/stm32f1xx_hal_tim.o
 .debug_frame   0x0000000000002a14      0x638 Drivers/STM32F1xx_HAL_Driver/Src/stm32f1xx_hal_tim_ex.o
 .debug_frame   0x000000000000304c       0x2c c:/stm/stm32cubeide_1.4.0/stm32cubeide/plugins/com.st.stm32cube.ide.mcu.externaltools.gnu-tools-for-stm32.7-2018-q2-update.win32_1.5.0.202011040924/tools/bin/../lib/gcc/arm-none-eabi/7.3.1/../../../../arm-none-eabi/lib/thumb/v7-m\libc_nano.a(lib_a-init.o)
 .debug_frame   0x0000000000003078       0x20 c:/stm/stm32cubeide_1.4.0/stm32cubeide/plugins/com.st.stm32cube.ide.mcu.externaltools.gnu-tools-for-stm32.7-2018-q2-update.win32_1.5.0.202011040924/tools/bin/../lib/gcc/arm-none-eabi/7.3.1/../../../../arm-none-eabi/lib/thumb/v7-m\libc_nano.a(lib_a-memset.o)
