main.c:163:6:PrintNumber	24	static
main.c:212:6:PrintRelogio	16	static
main.c:239:6:MenuHora	8	static
main.c:298:6:MenuAlarme	8	static
main.c:352:6:HAL_RTC_AlarmAEventCallback	16	static
main.c:357:6:Alarm_On	8	static
main.c:363:6:Alarm_Off	8	static
main.c:378:5:main	8	static
main.c:514:6:SystemClock_Config	88	static
main.c:561:13:MX_RTC_Init	8	static
main.c:591:13:MX_TIM2_Init	32	static
main.c:636:13:MX_TIM3_Init	32	static
main.c:681:13:MX_TIM4_Init	48	static
main.c:730:13:MX_GPIO_Init	40	static
main.c:802:6:Error_Handler	4	static
